src/server.ts(288,14): error TS2345: Argument of type '(Document<unknown, {}, { name: string; description: string; price: number; discount: number; finalPrice: number; category: string; brand: string; countInStock: number; images: string[]; colors: string[]; tags: string[]; variants: DocumentArray<...>; } & DefaultTimestampProps, { ...; }, { ...; }> & Omit<...> & { ...;...' is not assignable to parameter of type '(Document<unknown, {}, { rating: number; tags: string[]; sizes: string[]; variants: DocumentArray<{ stock?: number | null | undefined; size?: string | null | undefined; }, Subdocument<ObjectId, unknown, { stock?: number | null | undefined; size?: string | ... 1 more ... | undefined; }> & { ...; }>; ... 10 more ...; ...'.
  Type 'Document<unknown, {}, { name: string; description: string; price: number; discount: number; finalPrice: number; category: string; brand: string; countInStock: number; images: string[]; colors: string[]; tags: string[]; variants: DocumentArray<...>; } & DefaultTimestampProps, { ...; }, { ...; }> & Omit<...> & { ...; }' is not assignable to type 'Document<unknown, {}, { rating: number; tags: string[]; sizes: string[]; variants: DocumentArray<{ stock?: number | null | undefined; size?: string | null | undefined; }, Subdocument<ObjectId, unknown, { stock?: number | null | undefined; size?: string | ... 1 more ... | undefined; }> & { ...; }>; ... 10 more ...; s...'.
    Type 'Document<unknown, {}, { name: string; description: string; price: number; discount: number; finalPrice: number; category: string; brand: string; countInStock: number; images: string[]; colors: string[]; tags: string[]; variants: DocumentArray<...>; } & DefaultTimestampProps, { ...; }, { ...; }> & Omit<...> & { ...; }' is not assignable to type 'Document<unknown, {}, { rating: number; tags: string[]; sizes: string[]; variants: DocumentArray<{ stock?: number | null | undefined; size?: string | null | undefined; }, Subdocument<ObjectId, unknown, { stock?: number | null | undefined; size?: string | ... 1 more ... | undefined; }> & { ...; }>; ... 10 more ...; s...'.
      The types returned by 'deleteOne(...).$where(...).cursor(...)' are incompatible between these types.
        Type 'Cursor<Document<unknown, {}, { name: string; description: string; price: number; discount: number; finalPrice: number; category: string; brand: string; countInStock: number; images: string[]; colors: string[]; tags: string[]; variants: DocumentArray<...>; } & DefaultTimestampProps, { ...; }, { ...; }> & Omit<...> & ...' is not assignable to type 'Cursor<Document<unknown, {}, { rating: number; tags: string[]; sizes: string[]; variants: DocumentArray<{ stock?: number | null | undefined; size?: string | null | undefined; }, Subdocument<ObjectId, unknown, { stock?: number | null | undefined; size?: string | ... 1 more ... | undefined; }> & { ...; }>; ... 10 more...'.
          Type '(Document<unknown, {}, { name: string; description: string; price: number; discount: number; finalPrice: number; category: string; brand: string; countInStock: number; images: string[]; colors: string[]; tags: string[]; variants: DocumentArray<...>; } & DefaultTimestampProps, { ...; }, { ...; }> & Omit<...> & { ...;...' is not assignable to type 'Document<unknown, {}, { rating: number; tags: string[]; sizes: string[]; variants: DocumentArray<{ stock?: number | null | undefined; size?: string | null | undefined; }, Subdocument<ObjectId, unknown, { stock?: number | null | undefined; size?: string | ... 1 more ... | undefined; }> & { ...; }>; ... 10 more ...; s...'.
            Type 'Document<unknown, {}, { name: string; description: string; price: number; discount: number; finalPrice: number; category: string; brand: string; countInStock: number; images: string[]; colors: string[]; tags: string[]; variants: DocumentArray<...>; } & DefaultTimestampProps, { ...; }, { ...; }> & Omit<...> & { ...; }' is not assignable to type 'Document<unknown, {}, { rating: number; tags: string[]; sizes: string[]; variants: DocumentArray<{ stock?: number | null | undefined; size?: string | null | undefined; }, Subdocument<ObjectId, unknown, { stock?: number | null | undefined; size?: string | ... 1 more ... | undefined; }> & { ...; }>; ... 10 more ...; s...'.
src/server.ts(298,14): error TS2345: Argument of type 'Document<unknown, {}, { name: string; description: string; price: number; discount: number; finalPrice: number; category: string; brand: string; countInStock: number; images: string[]; colors: string[]; tags: string[]; variants: DocumentArray<...>; } & DefaultTimestampProps, { ...; }, { ...; }> & Omit<...> & { ...; }' is not assignable to parameter of type 'Document<unknown, {}, { rating: number; tags: string[]; sizes: string[]; variants: DocumentArray<{ stock?: number | null | undefined; size?: string | null | undefined; }, Subdocument<ObjectId, unknown, { stock?: number | null | undefined; size?: string | ... 1 more ... | undefined; }> & { ...; }>; ... 10 more ...; s...'.
  Type 'Document<unknown, {}, { name: string; description: string; price: number; discount: number; finalPrice: number; category: string; brand: string; countInStock: number; images: string[]; colors: string[]; tags: string[]; variants: DocumentArray<...>; } & DefaultTimestampProps, { ...; }, { ...; }> & Omit<...> & { ...; }' is not assignable to type 'Document<unknown, {}, { rating: number; tags: string[]; sizes: string[]; variants: DocumentArray<{ stock?: number | null | undefined; size?: string | null | undefined; }, Subdocument<ObjectId, unknown, { stock?: number | null | undefined; size?: string | ... 1 more ... | undefined; }> & { ...; }>; ... 10 more ...; s...'.
    The types returned by 'deleteOne(...).$where(...).cursor(...)' are incompatible between these types.
      Type 'Cursor<Document<unknown, {}, { name: string; description: string; price: number; discount: number; finalPrice: number; category: string; brand: string; countInStock: number; images: string[]; colors: string[]; tags: string[]; variants: DocumentArray<...>; } & DefaultTimestampProps, { ...; }, { ...; }> & Omit<...> & ...' is not assignable to type 'Cursor<Document<unknown, {}, { rating: number; tags: string[]; sizes: string[]; variants: DocumentArray<{ stock?: number | null | undefined; size?: string | null | undefined; }, Subdocument<ObjectId, unknown, { stock?: number | null | undefined; size?: string | ... 1 more ... | undefined; }> & { ...; }>; ... 10 more...'.
        Type '(Document<unknown, {}, { name: string; description: string; price: number; discount: number; finalPrice: number; category: string; brand: string; countInStock: number; images: string[]; colors: string[]; tags: string[]; variants: DocumentArray<...>; } & DefaultTimestampProps, { ...; }, { ...; }> & Omit<...> & { ...;...' is not assignable to type 'Document<unknown, {}, { rating: number; tags: string[]; sizes: string[]; variants: DocumentArray<{ stock?: number | null | undefined; size?: string | null | undefined; }, Subdocument<ObjectId, unknown, { stock?: number | null | undefined; size?: string | ... 1 more ... | undefined; }> & { ...; }>; ... 10 more ...; s...'.
          Type 'Document<unknown, {}, { name: string; description: string; price: number; discount: number; finalPrice: number; category: string; brand: string; countInStock: number; images: string[]; colors: string[]; tags: string[]; variants: DocumentArray<...>; } & DefaultTimestampProps, { ...; }, { ...; }> & Omit<...> & { ...; }' is not assignable to type 'Document<unknown, {}, { rating: number; tags: string[]; sizes: string[]; variants: DocumentArray<{ stock?: number | null | undefined; size?: string | null | undefined; }, Subdocument<ObjectId, unknown, { stock?: number | null | undefined; size?: string | ... 1 more ... | undefined; }> & { ...; }>; ... 10 more ...; s...'.
src/server.ts(471,13): error TS2339: Property 'reviews' does not exist on type 'Document<unknown, {}, { name: string; description: string; price: number; discount: number; finalPrice: number; category: string; brand: string; countInStock: number; images: string[]; colors: string[]; tags: string[]; variants: DocumentArray<...>; } & DefaultTimestampProps, { ...; }, { ...; }> & Omit<...> & { ...; }'.
src/server.ts(474,27): error TS2339: Property 'reviews' does not exist on type 'Document<unknown, {}, { name: string; description: string; price: number; discount: number; finalPrice: number; category: string; brand: string; countInStock: number; images: string[]; colors: string[]; tags: string[]; variants: DocumentArray<...>; } & DefaultTimestampProps, { ...; }, { ...; }> & Omit<...> & { ...; }'.
src/server.ts(475,13): error TS2339: Property 'rating' does not exist on type 'Document<unknown, {}, { name: string; description: string; price: number; discount: number; finalPrice: number; category: string; brand: string; countInStock: number; images: string[]; colors: string[]; tags: string[]; variants: DocumentArray<...>; } & DefaultTimestampProps, { ...; }, { ...; }> & Omit<...> & { ...; }'.
src/server.ts(475,38): error TS2339: Property 'reviews' does not exist on type 'Document<unknown, {}, { name: string; description: string; price: number; discount: number; finalPrice: number; category: string; brand: string; countInStock: number; images: string[]; colors: string[]; tags: string[]; variants: DocumentArray<...>; } & DefaultTimestampProps, { ...; }, { ...; }> & Omit<...> & { ...; }'.
